// Jest Snapshot v1, https://goo.gl/fbAQLP

exports[`renders <Footer /> component unchanged 1`] = `
<div>
  <footer
    class="text-left mt-2 bottom-0"
    data-testid="footer"
  >
    © Inexplicable Games |
    <a
      href="/presskit"
    >
       Presskit
    </a>
  </footer>
</div>
`;

exports[`renders <GameCardsContainer /> component unchanged 1`] = `
<div>
  <div
    class="flex flex-row flex-wrap max-w-3xl mx-auto my-10 justify-center"
  >
    <a
      href="/showrunner"
    >
      <div
        class="flex justify-center m-5 w-64 h-64 bg-cover hover:shadow-2xl transition ease-in-out hover:scale-105 duration-200 bg-[url('../public/showrunnerCard.png')]"
      />
    </a>
    <a
      href="/this-merchant-life"
    >
      <div
        class="flex justify-center m-5 w-64 h-64 bg-cover hover:shadow-2xl transition ease-in-out hover:scale-105 duration-200 bg-[url('../public/tmlCard.jpg')]"
      />
    </a>
  </div>
</div>
`;

exports[`renders <SharedHead /> component unchanged 1`] = `<div />`;
